// Jest Snapshot v1, https://goo.gl/fbAQLP

exports[`Timeline component render correctly 1`] = `
<body>
  <div>
    <div
      style="transform: translate3d(-100%, 0, 0);"
    >
      <div
        class="sc-bwzfXH kYoUhp"
      >
        <div
          class="sc-htpNat fjcJqy"
        >
          <div
            style="transform: translate3d(0, -4px, 0) scaleY(1.02);"
          >
            <div
              class="sc-bdVaJa btHhJ"
            >
              <div>
                Avengers
              </div>
            </div>
          </div>
          <div
            class="css-q7lffx"
          >
            <div
              class="sc-bxivhb hkpChk"
            >
              <div
                style="transform: scale3d(1.25, 0.75, 1);"
              >
                <div
                  style="cursor: pointer;"
                >
                  <h4>
                    Avengers:StartGame
                  </h4>
                  <h5>
                    StartGame
                  </h5>
                  <img
                    alt="picture"
                    src="https://images.unsplash.com/photo-1600790078201-5490baf711d6?ixlib=rb-1.2.1&ixid=eyJhcHBfaWQiOjEyMDd9&auto=format&fit=crop&w=500&q=60"
                    style="max-width: 400px; width: 100%; min-width: 100px; padding-bottom: 10px;"
                  />
                </div>
                <div
                  style="font-size: small; text-align: right;"
                >
                  <span
                    aria-label="localtion"
                    role="img"
                  >
                    üìç
                  </span>
                   
                  Knowhere
                </div>
              </div>
            </div>
          </div>
        </div>
      </div>
    </div>
  </div>
</body>
`;
