// Jest Snapshot v1, https://goo.gl/fbAQLP

exports[`ShapeButton Component renders correctly 1`] = `
<body>
  <div />
</body>
`;
